// Jest Snapshot v1, https://goo.gl/fbAQLP

exports[`Price should render correctly 1`] = `
<div
  className="price-box"
>
  <span
    className="currency"
  >
    R$
  </span>
  <span
    className="integer"
  >
    3
  </span>
  <span
    className="decimal"
  >
    ,
    14
  </span>
</div>
`;
