// Jest Snapshot v1, https://goo.gl/fbAQLP

exports[`Button should render correctly 1`] = `
<button
  className="simple-button -red  undefined"
  onClick={[Function]}
  style={
    Object {
      "cursor": "pointer",
    }
  }
/>
`;
