// Jest Snapshot v1, https://goo.gl/fbAQLP

exports[`Cloud should render correctly 1`] = `
<img
  className="cloud"
  src="cloud@1x.png"
  srcset="cloud@1x.png 1x,
           cloud@2x.png 2x"
/>
`;
