// Jest Snapshot v1, https://goo.gl/fbAQLP

exports[`BuyPage should render correctly 1`] = `
<div
  className="buy-page"
/>
`;
