// Jest Snapshot v1, https://goo.gl/fbAQLP

exports[`GoogleMap should render correctly 1`] = `
<div
  className="google-map"
/>
`;
