// Jest Snapshot v1, https://goo.gl/fbAQLP

exports[`VariantSelector should render correctly 1`] = `
<div
  className="variant-selector "
/>
`;
