// Jest Snapshot v1, https://goo.gl/fbAQLP

exports[`Schedule should render correctly 1`] = `<div />`;
