// Jest Snapshot v1, https://goo.gl/fbAQLP

exports[`Balloon should render correctly 1`] = `
<div
  className="balloon-bubble -question"
>
  potato solid
</div>
`;
